2025-11-11 09:09:16 [email-extractor:106] INFO - [STATUS] Iniciando a extração dos anexos do e-mail...
2025-11-11 09:09:16 [email-extractor:121] INFO - [INFO] A busca dos anexos nos e-mails data do período desde: 12/10/2025.
2025-11-11 09:09:16 [email-extractor:122] INFO - [INFO] Na Pasta IMAP alvo: 'INBOX'. As Palavras-Chave de Assunto são: ['teste - planilha', 'relatório', 'teste', 'dw_teste']
2025-11-11 09:09:16 [email-extractor:134] INFO - [OK] Conexão IMAP bem-sucedida e pasta 'INBOX' selecionada.
2025-11-11 09:09:16 [email-extractor:139] INFO - [INFO] Critérios de busca IMAP (apenas data e remetente): (Desde: "12-Oct-2025" - Remetente: "adm.sullivanslima@gmail.com")
2025-11-11 09:09:16 [email-extractor:231] ERROR - Ops! [ERRO] Houve falha no IMAP durante o processo: Consulte o erro: SEARCH command error: BAD [b'parse error: unknown search tag: DESDE:']
2025-11-11 09:09:16 [email-extractor:242] INFO - [OK] Realizado a saída do processo. IMAP bem-sucedido!
2025-11-11 09:10:46 [email-extractor:106] INFO - [STATUS] Iniciando a extração dos anexos do e-mail...
2025-11-11 09:10:46 [email-extractor:121] INFO - [INFO] A busca dos anexos nos e-mails data do período desde: 12/10/2025.
2025-11-11 09:10:46 [email-extractor:122] INFO - [INFO] Na Pasta IMAP alvo: 'INBOX'. As Palavras-Chave de Assunto são: ['teste - planilha', 'relatório', 'teste', 'dw_teste']
2025-11-11 09:10:46 [email-extractor:134] INFO - [OK] Conexão IMAP bem-sucedida e pasta 'INBOX' selecionada.
2025-11-11 09:10:46 [email-extractor:139] INFO - [INFO] Critérios de busca IMAP (apenas data e remetente): (SINCE: "12-Oct-2025" - FROM: "adm.sullivanslima@gmail.com")
2025-11-11 09:10:46 [email-extractor:231] ERROR - Ops! [ERRO] Houve falha no IMAP durante o processo: Consulte o erro: SEARCH command error: BAD [b'parse error: unknown search tag: SINCE:']
2025-11-11 09:10:46 [email-extractor:242] INFO - [OK] Realizado a saída do processo. IMAP bem-sucedido!
2025-11-11 09:11:02 [email-extractor:106] INFO - [STATUS] Iniciando a extração dos anexos do e-mail...
2025-11-11 09:11:02 [email-extractor:121] INFO - [INFO] A busca dos anexos nos e-mails data do período desde: 12/10/2025.
2025-11-11 09:11:02 [email-extractor:122] INFO - [INFO] Na Pasta IMAP alvo: 'INBOX'. As Palavras-Chave de Assunto são: ['teste - planilha', 'relatório', 'teste', 'dw_teste']
2025-11-11 09:11:02 [email-extractor:134] INFO - [OK] Conexão IMAP bem-sucedida e pasta 'INBOX' selecionada.
2025-11-11 09:11:02 [email-extractor:139] INFO - [INFO] Critérios de busca IMAP (apenas data e remetente): (SINCE "12-Oct-2025" - FROM "adm.sullivanslima@gmail.com")
2025-11-11 09:11:02 [email-extractor:231] ERROR - Ops! [ERRO] Houve falha no IMAP durante o processo: Consulte o erro: SEARCH command error: BAD [b'parse error: unknown search tag: -']
2025-11-11 09:11:02 [email-extractor:242] INFO - [OK] Realizado a saída do processo. IMAP bem-sucedido!
2025-11-11 09:11:16 [email-extractor:106] INFO - [STATUS] Iniciando a extração dos anexos do e-mail...
2025-11-11 09:11:16 [email-extractor:121] INFO - [INFO] A busca dos anexos nos e-mails data do período desde: 12/10/2025.
2025-11-11 09:11:16 [email-extractor:122] INFO - [INFO] Na Pasta IMAP alvo: 'INBOX'. As Palavras-Chave de Assunto são: ['teste - planilha', 'relatório', 'teste', 'dw_teste']
2025-11-11 09:11:16 [email-extractor:134] INFO - [OK] Conexão IMAP bem-sucedida e pasta 'INBOX' selecionada.
2025-11-11 09:11:16 [email-extractor:139] INFO - [INFO] Critérios de busca IMAP (apenas data e remetente): (SINCE "12-Oct-2025" FROM "adm.sullivanslima@gmail.com")
2025-11-11 09:11:16 [email-extractor:147] INFO - [INFO] 1 e-mail(s) encontrados na busca IMAP inicial.
2025-11-11 09:11:17 [email-extractor:163] INFO - [INFO] Processando UID 8: Assunto: Teste Xlsx - Planilha financeira, De:a
2025-11-11 09:11:17 [email-extractor:207] INFO - [OK] Anexo salvo: data\emails\Relatório painel orçamentário - Despesas.xlsx
2025-11-11 09:11:17 [email-extractor:227] INFO - [OK] A extração foi concluída com sucesso. Temos 1 arquivo(s) processado(s).
2025-11-11 09:11:17 [email-extractor:242] INFO - [OK] Realizado a saída do processo. IMAP bem-sucedido!
2025-11-11 09:12:13 [csv-extractor:27] INFO - [INFO] Pasta de destino ('incoming') verificada/criada em: data\incoming
2025-11-11 09:12:13 [csv-extractor:106] INFO - [INFO] Encontrados 1 arquivo(s) na pasta de origem (data\emails).
2025-11-11 09:12:13 [csv-extractor:130] INFO - [INFO] Lendo Excel/XLSX/XLS. Tentativa 1: cabeçalho na linha 3 (índice 2)... Parametrizado por observação
2025-11-11 09:12:17 [csv-extractor:143] INFO - [OK] Excel lido com cabeçalho da linha 3. Colunas setadas manualmente.
2025-11-11 09:12:17 [csv-extractor:165] INFO - [OK] Arquivo carregado e normalizado com sucesso: Relatório painel orçamentário - Despesas.xlsx — 25790 linhas.
2025-11-11 09:12:17 [csv-extractor:171] INFO - [INFO] Arquivo movido para a pasta incoming: Relatório painel orçamentário - Despesas.xlsx
2025-11-11 09:12:28 [csv-extractor:27] INFO - [INFO] Pasta de destino ('incoming') verificada/criada em: data\incoming
2025-11-11 09:12:28 [extract-manager:37] INFO - [INFO] Gerenciador de Extração inicializado. Destino final: data\processed
2025-11-11 09:12:28 [extract-manager:70] INFO - [STATUS] Iniciando o pipeline de extração...
2025-11-11 09:12:28 [email-extractor:106] INFO - [STATUS] Iniciando a extração dos anexos do e-mail...
2025-11-11 09:12:28 [email-extractor:121] INFO - [INFO] A busca dos anexos nos e-mails data do período desde: 12/10/2025.
2025-11-11 09:12:28 [email-extractor:122] INFO - [INFO] Na Pasta IMAP alvo: 'INBOX'. As Palavras-Chave de Assunto são: ['teste - planilha', 'relatório', 'teste', 'dw_teste']
2025-11-11 09:12:28 [email-extractor:134] INFO - [OK] Conexão IMAP bem-sucedida e pasta 'INBOX' selecionada.
2025-11-11 09:12:28 [email-extractor:139] INFO - [INFO] Critérios de busca IMAP (apenas data e remetente): (SINCE "12-Oct-2025" FROM "adm.sullivanslima@gmail.com")
2025-11-11 09:12:28 [email-extractor:147] INFO - [INFO] 1 e-mail(s) encontrados na busca IMAP inicial.
2025-11-11 09:12:28 [email-extractor:163] INFO - [INFO] Processando UID 8: Assunto: Teste Xlsx - Planilha financeira, De:a
2025-11-11 09:12:28 [email-extractor:207] INFO - [OK] Anexo salvo: data\emails\Relatório painel orçamentário - Despesas.xlsx
2025-11-11 09:12:28 [email-extractor:227] INFO - [OK] A extração foi concluída com sucesso. Temos 1 arquivo(s) processado(s).
2025-11-11 09:12:28 [email-extractor:242] INFO - [OK] Realizado a saída do processo. IMAP bem-sucedido!
2025-11-11 09:12:28 [extract-manager:77] INFO - [AVISO²] 1 arquivos extraídos do e-mail.
2025-11-11 09:12:28 [csv-extractor:106] INFO - [INFO] Encontrados 1 arquivo(s) na pasta de origem (data\emails).
2025-11-11 09:12:28 [csv-extractor:130] INFO - [INFO] Lendo Excel/XLSX/XLS. Tentativa 1: cabeçalho na linha 3 (índice 2)... Parametrizado por observação
2025-11-11 09:12:32 [csv-extractor:143] INFO - [OK] Excel lido com cabeçalho da linha 3. Colunas setadas manualmente.
2025-11-11 09:12:32 [csv-extractor:165] INFO - [OK] Arquivo carregado e normalizado com sucesso: Relatório painel orçamentário - Despesas.xlsx — 25790 linhas.
2025-11-11 09:12:32 [csv-extractor:171] INFO - [INFO] Arquivo movido para a pasta incoming: Relatório painel orçamentário - Despesas.xlsx
2025-11-11 09:12:32 [extract-manager:84] INFO - [AVISO²] 1 DataFrames processados e prontos para a Transformação.
2025-11-11 09:12:32 [extract-manager:43] INFO - [INFO] Iniciando a movimentação dos arquivos de 'data\incoming' para 'data\processed'.
2025-11-11 09:12:32 [extract-manager:63] INFO - [STATUS] 1 arquivos movidos de 'incoming' para 'processed'.
2025-11-11 09:12:32 [extract-manager:89] INFO - [OK] O Pipeline de Extração foi concluído com sucesso! Total de DataFrames construídos: 1
2025-11-11 09:12:42 [csv-transformer:125] INFO - [STATUS] Carregando arquivo..: data\processed\Relatório painel orçamentário - Despesas.xlsx
2025-11-11 09:12:46 [csv-transformer:154] INFO - [OK] Arquivo carregado e normalizado. Dimensões: (25790, 15)
2025-11-11 09:12:46 [csv-transformer:532] INFO - [INFO] Iniciando o pipeline completo de transformações...
2025-11-11 09:12:46 [csv-transformer:52] INFO - [OK] Cabeçalhos harmonizados com sucesso.
2025-11-11 09:12:46 [csv-transformer:178] INFO - [OK] Limpeza e padronização de conteúdo de texto concluída.
2025-11-11 09:12:46 [csv-transformer:114] INFO - [INFO] Nenhuma coluna chave para ffill() identificada.
2025-11-11 09:12:46 [csv-transformer:237] INFO - [OK] Conversão de tipos concluída, utilizando tipos nulos (Int64) para robustez.
2025-11-11 09:12:46 [csv-transformer:202] INFO - -> Colunas de Domínio PI não encontradas. Pulando Regras Específicas.
2025-11-11 09:12:46 [csv-transformer:360] INFO - --- Iniciando Criação de Variáveis (Feature Engineering) ---
2025-11-11 09:12:46 [csv-transformer:367] INFO - Nenhuma coluna do tipo datetime64 encontrada para Feature Engineering.
2025-11-11 09:12:46 [csv-transformer:566] INFO - [OK] Pipeline de transformações concluído. Shape final: (25790, 15)
2025-11-11 09:12:46 [csv-transformer:519] INFO - [OK] Arquivo original movido para: data\transformed\Relatório painel orçamentário - Despesas.xlsx
2025-11-11 09:12:46 [test-transformer:28] INFO - [SUCESSO] Transformação concluída: Relatório painel orçamentário - Despesas.xlsx
2025-11-11 09:12:46 [test-transformer:29] INFO - [DATAFRAME RESULTANTE]
       Ano Lançamento  Unidade Orçamentária  Resultado Primário Lei Ação Governo  Plano Orçamentário  UG Executora  UG Responsável  ...  Natureza Despesa Detalhada Item Informação    13    19    23    25    28
0                2020               26240.0                     2.0         <NA>             26240.0      153065.0          150654  ...                        <NA>               6  2426  6537  7578  5663  5496
1                2020               26240.0                     2.0         <NA>             26240.0      153065.0          150654  ...                        <NA>               6  2427  6538  7579  5664  5497
2                2025               26240.0                     2.0         4256             26240.0      153065.0          150656  ...                    339020-9              -9     0  5193    22     0     0
3                2025               26240.0                     2.0         4256             26240.0      153065.0          150656  ...                    339020-9               8     0  1297    22     0     0
4                2025               26240.0                     2.0         4256             26240.0      153065.0          150656  ...                    33902001              -9     0  3435    22  4205  4101
...               ...                   ...                     ...          ...                 ...           ...             ...  ...                         ...             ...   ...   ...   ...   ...   ...
25785            2015               26240.0                     2.0         210T             26240.0      153065.0          150656  ...                    339048-9              -9     0  5202    22     0     0
25786            2015               26240.0                     2.0         210T             26240.0      153065.0          150656  ...                    339048-9               8     0  1285    22     0     0
25787            2015               26240.0                     2.0         210T             26240.0      153065.0          150656  ...                    33904801              -9     0  3435    22  3313  3248
25788            2015               26240.0                     2.0         210T             26240.0      153065.0          150656  ...                    33904801               8     0  3435  5734     0     0
25789            2015               26240.0                     2.0         210T             26240.0      153065.0          150656  ...                    339147-9              -9     0  3435    22     0     0

[25790 rows x 15 columns]
2025-11-11 09:12:46 [test-transformer:34] INFO - [OK] Arquivo transformado está na pasta transformed: ./data/transformed\Relatório painel orçamentário - Despesas.xlsx
2025-11-11 09:12:46 [test-transformer:41] INFO - [INFO] Teste de transformação concluído.
2025-11-11 09:12:59 [json-loader:59] INFO - [STATUS] Carregando arquivo: data\transformed\Relatório painel orçamentário - Despesas.xlsx
2025-11-11 09:13:02 [json-loader:44] INFO - [OK] Cabeçalhos harmonizados (29 colunas processadas).
2025-11-11 09:13:03 [json-loader:80] INFO - [OK] Arquivo convertido para JSON: etl\load\Relatório painel orçamentário - Despesas.json
2025-11-11 09:44:07 [email-extractor:106] INFO - [STATUS] Iniciando a extração dos anexos do e-mail...
2025-11-11 09:44:07 [email-extractor:121] INFO - [INFO] A busca dos anexos nos e-mails data do período desde: 12/10/2025.
2025-11-11 09:44:07 [email-extractor:122] INFO - [INFO] Na Pasta IMAP alvo: 'INBOX'. As Palavras-Chave de Assunto são: ['teste - planilha', 'relatório', 'teste', 'dw_teste']
2025-11-11 09:44:07 [email-extractor:134] INFO - [OK] Conexão IMAP bem-sucedida e pasta 'INBOX' selecionada.
2025-11-11 09:44:07 [email-extractor:139] INFO - [INFO] Critérios de busca IMAP (apenas data e remetente): (SINCE "12-Oct-2025" FROM "adm.sullivanslima@gmail.com")
2025-11-11 09:44:07 [email-extractor:147] INFO - [INFO] 1 e-mail(s) encontrados na busca IMAP inicial.
2025-11-11 09:44:07 [email-extractor:163] INFO - [INFO] Processando UID 9: Assunto: Planilha - Historico financeiro - teste, De:a
2025-11-11 09:44:07 [email-extractor:207] INFO - [OK] Anexo salvo: data\emails\Relatório painel orçamentário - Histórico.xlsx
2025-11-11 09:44:07 [email-extractor:227] INFO - [OK] A extração foi concluída com sucesso. Temos 1 arquivo(s) processado(s).
2025-11-11 09:44:07 [email-extractor:242] INFO - [OK] Realizado a saída do processo. IMAP bem-sucedido!
2025-11-11 09:44:46 [csv-extractor:27] INFO - [INFO] Pasta de destino ('incoming') verificada/criada em: data\incoming
2025-11-11 09:44:46 [csv-extractor:106] INFO - [INFO] Encontrados 1 arquivo(s) na pasta de origem (data\emails).
2025-11-11 09:44:46 [csv-extractor:130] INFO - [INFO] Lendo Excel/XLSX/XLS. Tentativa 1: cabeçalho na linha 3 (índice 2)... Parametrizado por observação
2025-11-11 09:44:47 [csv-extractor:143] INFO - [OK] Excel lido com cabeçalho da linha 3. Colunas setadas manualmente.
2025-11-11 09:44:47 [csv-extractor:165] INFO - [OK] Arquivo carregado e normalizado com sucesso: Relatório painel orçamentário - Histórico.xlsx — 3717 linhas.
2025-11-11 09:44:47 [csv-extractor:171] INFO - [INFO] Arquivo movido para a pasta incoming: Relatório painel orçamentário - Histórico.xlsx
2025-11-11 09:44:53 [csv-extractor:27] INFO - [INFO] Pasta de destino ('incoming') verificada/criada em: data\incoming
2025-11-11 09:44:53 [extract-manager:37] INFO - [INFO] Gerenciador de Extração inicializado. Destino final: data\processed
2025-11-11 09:44:53 [extract-manager:70] INFO - [STATUS] Iniciando o pipeline de extração...
2025-11-11 09:44:53 [email-extractor:106] INFO - [STATUS] Iniciando a extração dos anexos do e-mail...
2025-11-11 09:44:53 [email-extractor:121] INFO - [INFO] A busca dos anexos nos e-mails data do período desde: 12/10/2025.
2025-11-11 09:44:53 [email-extractor:122] INFO - [INFO] Na Pasta IMAP alvo: 'INBOX'. As Palavras-Chave de Assunto são: ['teste - planilha', 'relatório', 'teste', 'dw_teste']
2025-11-11 09:44:53 [email-extractor:134] INFO - [OK] Conexão IMAP bem-sucedida e pasta 'INBOX' selecionada.
2025-11-11 09:44:53 [email-extractor:139] INFO - [INFO] Critérios de busca IMAP (apenas data e remetente): (SINCE "12-Oct-2025" FROM "adm.sullivanslima@gmail.com")
2025-11-11 09:44:53 [email-extractor:147] INFO - [INFO] 1 e-mail(s) encontrados na busca IMAP inicial.
2025-11-11 09:44:53 [email-extractor:163] INFO - [INFO] Processando UID 9: Assunto: Planilha - Historico financeiro - teste, De:a
2025-11-11 09:44:53 [email-extractor:207] INFO - [OK] Anexo salvo: data\emails\Relatório painel orçamentário - Histórico.xlsx
2025-11-11 09:44:53 [email-extractor:227] INFO - [OK] A extração foi concluída com sucesso. Temos 1 arquivo(s) processado(s).
2025-11-11 09:44:53 [email-extractor:242] INFO - [OK] Realizado a saída do processo. IMAP bem-sucedido!
2025-11-11 09:44:53 [extract-manager:77] INFO - [AVISO²] 1 arquivos extraídos do e-mail.
2025-11-11 09:44:53 [csv-extractor:106] INFO - [INFO] Encontrados 1 arquivo(s) na pasta de origem (data\emails).
2025-11-11 09:44:53 [csv-extractor:130] INFO - [INFO] Lendo Excel/XLSX/XLS. Tentativa 1: cabeçalho na linha 3 (índice 2)... Parametrizado por observação
2025-11-11 09:44:54 [csv-extractor:143] INFO - [OK] Excel lido com cabeçalho da linha 3. Colunas setadas manualmente.
2025-11-11 09:44:54 [csv-extractor:165] INFO - [OK] Arquivo carregado e normalizado com sucesso: Relatório painel orçamentário - Histórico.xlsx — 3717 linhas.
2025-11-11 09:44:54 [csv-extractor:171] INFO - [INFO] Arquivo movido para a pasta incoming: Relatório painel orçamentário - Histórico.xlsx
2025-11-11 09:44:54 [extract-manager:84] INFO - [AVISO²] 1 DataFrames processados e prontos para a Transformação.
2025-11-11 09:44:54 [extract-manager:43] INFO - [INFO] Iniciando a movimentação dos arquivos de 'data\incoming' para 'data\processed'.
2025-11-11 09:44:54 [extract-manager:63] INFO - [STATUS] 1 arquivos movidos de 'incoming' para 'processed'.
2025-11-11 09:44:54 [extract-manager:89] INFO - [OK] O Pipeline de Extração foi concluído com sucesso! Total de DataFrames construídos: 1
2025-11-11 09:45:02 [csv-transformer:125] INFO - [STATUS] Carregando arquivo..: data\processed\Relatório painel orçamentário - Histórico.xlsx
2025-11-11 09:45:02 [csv-transformer:154] INFO - [OK] Arquivo carregado e normalizado. Dimensões: (3717, 7)
2025-11-11 09:45:02 [csv-transformer:532] INFO - [INFO] Iniciando o pipeline completo de transformações...
2025-11-11 09:45:02 [csv-transformer:52] INFO - [OK] Cabeçalhos harmonizados com sucesso.
2025-11-11 09:45:02 [csv-transformer:178] INFO - [OK] Limpeza e padronização de conteúdo de texto concluída.
2025-11-11 09:45:02 [csv-transformer:114] INFO - [INFO] Nenhuma coluna chave para ffill() identificada.
2025-11-11 09:45:02 [csv-transformer:237] INFO - [OK] Conversão de tipos concluída, utilizando tipos nulos (Int64) para robustez.
2025-11-11 09:45:02 [csv-transformer:202] INFO - -> Colunas de Domínio PI não encontradas. Pulando Regras Específicas.
2025-11-11 09:45:02 [csv-transformer:360] INFO - --- Iniciando Criação de Variáveis (Feature Engineering) ---
2025-11-11 09:45:02 [csv-transformer:367] INFO - Nenhuma coluna do tipo datetime64 encontrada para Feature Engineering.
2025-11-11 09:45:02 [csv-transformer:566] INFO - [OK] Pipeline de transformações concluído. Shape final: (3717, 7)
2025-11-11 09:45:02 [csv-transformer:519] INFO - [OK] Arquivo original movido para: data\transformed\Relatório painel orçamentário - Histórico.xlsx
2025-11-11 09:45:02 [test-transformer:28] INFO - [SUCESSO] Transformação concluída: Relatório painel orçamentário - Histórico.xlsx
2025-11-11 09:45:02 [test-transformer:29] INFO - [DATAFRAME RESULTANTE]
      Ano Lançamento Mês Lançamento  Resultado Lei Ação Governo  Item Informação   13    23
0               2020           <NA>              2         <NA>                3  0.0  1997
1               2020           <NA>              2         <NA>                3  0.0  1998
2               2025       JAN/2025              0         09HB                1  0.0  1977
3               2025       JAN/2025              1         00S6                1  0.0    97
4               2025       JAN/2025              1         0181                1  0.0  1981
...              ...            ...            ...          ...              ...  ...   ...
3712            2015       014/2015              2         4572                4  0.0    97
3713            2015       014/2015              2         4572                3  0.0    97
3714            2015       014/2015              2         8282                4  0.0    97
3715            2015       014/2015              2         8282                3  0.0    97
3716            2015       014/2015              6         8282                4  0.0    97

[3717 rows x 7 columns]
2025-11-11 09:45:02 [test-transformer:34] INFO - [OK] Arquivo transformado está na pasta transformed: ./data/transformed\Relatório painel orçamentário - Histórico.xlsx
2025-11-11 09:45:02 [test-transformer:41] INFO - [INFO] Teste de transformação concluído.
2025-11-11 09:45:09 [json-loader:59] INFO - [STATUS] Carregando arquivo: data\transformed\Relatório painel orçamentário - Histórico.xlsx
2025-11-11 09:45:09 [json-loader:44] INFO - [OK] Cabeçalhos harmonizados (10 colunas processadas).
2025-11-11 09:45:09 [json-loader:80] INFO - [OK] Arquivo convertido para JSON: etl\load\Relatório painel orçamentário - Histórico.json
